<html>
<body>
<pre>
<h1>礦ision Build Log</h1>
<h2>Tool Versions:</h2>
IDE-Version: μVision V5.14.0.0
Copyright (C) 2015 ARM Ltd and ARM Germany GmbH. All rights reserved.
License Information: guoqinghsuai Microsoft, Microsoft, LIC=MPPAR-K9GJ3-PZRWB-2PF9W-Q46UE-QQSHC
 
Tool Versions:
Toolchain:       MDK-ARM Standard  Version: 5.14.0.0
Toolchain Path:  C:\Keil_v5\ARM\ARMCC\Bin
C Compiler:      Armcc.exe V5.05 update 1 (build 106)
Assembler:       Armasm.exe V5.05 update 1 (build 106)
Linker/Locator:  ArmLink.exe V5.05 update 1 (build 106)
Library Manager: ArmAr.exe V5.05 update 1 (build 106)
Hex Converter:   FromElf.exe V5.05 update 1 (build 106)
CPU DLL:         SARMCM3.DLL V5.14.0.0
Dialog DLL:      DARMSTM.DLL V1.65.0.0
Target DLL:      Segger\JL2CM3.dll V2.99.13.0
Dialog DLL:      TARMSTM.DLL V1.64.0.0
 
<h2>Project:</h2>
F:\zhuomian\毕业资料\单片机源代码\智能药盒自动下药程序 - 副本\Project\gokit_mcu_stm32.uvproj
Project File Date:  10/09/2016

<h2>Output:</h2>
Rebuild target 'gokit_stm32'
assembling startup_stm32f10x_md.s...
compiling core_cm3.c...
compiling system_stm32f10x.c...
compiling misc.c...
compiling stm32f10x_adc.c...
compiling stm32f10x_bkp.c...
compiling stm32f10x_can.c...
compiling stm32f10x_cec.c...
compiling stm32f10x_crc.c...
compiling stm32f10x_dac.c...
compiling stm32f10x_dbgmcu.c...
compiling stm32f10x_dma.c...
compiling stm32f10x_exti.c...
compiling stm32f10x_flash.c...
compiling stm32f10x_fsmc.c...
compiling stm32f10x_gpio.c...
compiling stm32f10x_i2c.c...
compiling stm32f10x_iwdg.c...
compiling stm32f10x_pwr.c...
compiling stm32f10x_rcc.c...
compiling stm32f10x_rtc.c...
compiling stm32f10x_sdio.c...
compiling stm32f10x_spi.c...
compiling stm32f10x_tim.c...
compiling stm32f10x_usart.c...
compiling stm32f10x_wwdg.c...
compiling stm32f10x_it.c...
compiling main.c...
compiling delay.c...
compiling hal_key.c...
compiling Hal_led.c...
compiling hal_motor.c...
compiling hal_rgb_led.c...
compiling hal_temp_hum.c...
compiling hal_uart.c...
compiling hal_infrared.c...
compiling GPIO.C...
compiling SW_PCF8563.C...
compiling luoyao.c...
compiling Hal_GUANGOU.c...
compiling Hal_Step_otor.c...
compiling Protocol.c...
..\Protocol\Protocol.c(312): warning:  #550-D: variable "ret" was set but never used
      uint8_t ret = 0;
..\Protocol\Protocol.c: 1 warning, 0 errors
compiling ringbuffer.c...
..\Protocol\ringbuffer.c(97): warning:  #68-D: integer conversion resulted in a change of sign
                        return -1;
..\Protocol\ringbuffer.c: 1 warning, 0 errors
linking...
Program Size: Code=25588 RO-data=268 RW-data=172 ZI-data=2356  
FromELF: creating hex file...
".\Obj\gokit_mcu_stm32.axf" - 0 Error(s), 2 Warning(s).
</pre>
</body>
</html>
